
> personal-ai-assistant-frontend@0.1.0 dev
> next dev

 ⚠ Warning: Next.js inferred your workspace root, but it may not be correct.
 We detected multiple lockfiles and selected the directory of /Users/yuxi/package-lock.json as the root directory.
 To silence this warning, set `outputFileTracingRoot` in your Next.js config, or consider removing one of the lockfiles if it's not needed.
   See https://nextjs.org/docs/app/api-reference/config/next-config-js/output#caveats for more information.
 Detected additional lockfiles: 
   * /Users/yuxi/Downloads/personal-ai-assistant/frontend/package-lock.json

   ▲ Next.js 15.5.23
   - Local:        http://localhost:3000
   - Network:      http://192.168.5.91:3000
   - Environments: .env.local

 ✓ Starting...
 ✓ Ready in 2.1s
 ○ Compiling / ...
 ✓ Compiled / in 2.8s (597 modules)
 ✓ Compiled in 457ms (234 modules)
 GET / 200 in 3274ms
 GET / 200 in 110ms
 ✓ Compiled /chat in 482ms (598 modules)
 GET /chat 200 in 586ms
 ✓ Compiled /tasks in 248ms (605 modules)
 GET /tasks 200 in 327ms
 GET /chat 200 in 23ms
 GET /chat 200 in 184ms
 GET /chat 200 in 98ms
 GET /chat 200 in 118ms
 ✓ Compiled in 384ms (605 modules)
 ✓ Compiled in 126ms (605 modules)
 ⚠ Fast Refresh had to perform a full reload due to a runtime error.
 GET /chat 200 in 177ms
 ✓ Compiled in 166ms (605 modules)
 ✓ Compiled in 129ms (605 modules)
 ✓ Compiled in 110ms (605 modules)
 ✓ Compiled in 137ms (605 modules)
 ✓ Compiled in 483ms (619 modules)
 GET /chat 200 in 84ms
 ✓ Compiled in 150ms (619 modules)
 GET /chat 200 in 40ms
 GET /chat 200 in 159ms
 ✓ Compiled in 368ms (605 modules)
 GET /chat 200 in 251ms
 GET /chat 200 in 106ms
 ✓ Compiled in 458ms (619 modules)
 GET /chat 200 in 124ms
 ✓ Compiled in 205ms (619 modules)
 GET /chat 200 in 62ms
 ✓ Compiled in 586ms (619 modules)
 GET /chat 200 in 45ms
 ✓ Compiled in 204ms (605 modules)
 ✓ Compiled in 237ms (619 modules)
 GET /chat 200 in 74ms
 ✓ Compiled in 252ms (619 modules)
 GET /chat 200 in 43ms
 ✓ Compiled in 61ms (243 modules)
 GET /chat 200 in 19ms
 ✓ Compiled in 227ms (605 modules)
 GET /chat 200 in 261ms
 GET /chat 200 in 16ms
 ✓ Compiled in 90ms (243 modules)
 GET /chat 200 in 67ms
 ✓ Compiled in 57ms (243 modules)
 GET /chat 200 in 26ms
 GET /chat 200 in 69ms
 ✓ Compiled in 211ms (605 modules)
 GET /chat 200 in 38ms
 ✓ Compiled in 121ms (243 modules)
 GET /chat 200 in 120ms
